summary_id,type,mean,standard_deviation,exposure_value
1,1,598.435723,16066.489711,15000000.000000
1,2,569.997321,16237.756732,15000000.000000
