summary_id,type,mean,standard_deviation,exposure_value
1,1,55.302292,1549.319046,1000000.000000
1,2,46.563775,1843.890325,1000000.000000
