summary_id,type,mean,standard_deviation,exposure_value
1,1,5089.657387,22235.950796,6000000.000000
1,2,4990.905444,49081.630415,6000000.000000
