summary_id,type,mean,standard_deviation,exposure_value
1,1,81.714257,2200.830440,2000000.000000
1,2,76.741229,2600.675981,2000000.000000
