coverage_id,tiv
1,1000000.0
2,1000000.0
3,1000000.0
4,1000000.0
5,1000000.0
6,1000000.0
7,1000000.0
8,1000000.0
9,1000000.0
10,1000000.0
11,1000000.0
12,1000000.0
13,1000000.0
14,1000000.0
15,1000000.0
