item_id,coverage_id,areaperil_id,vulnerability_id,group_id
1,1,-1,-1,1
2,2,-1,-1,1
3,3,-1,-1,2
4,4,-1,-1,2
5,5,-1,-1,2
6,6,-1,-1,3
