{
  "hail": {
    "all": {
      "tiv": [214000000],
      "tiv_by_coverage": {
        "buildings": [100000000],
        "other": [0],
        "contents": [100000000],
        "bi": [14000000]
      },
      "number_of_locations": [100]
    },
    "success": {
      "tiv": [214000000],
      "tiv_by_coverage": {
        "buildings": [100000000],
        "other": [0],
        "contents": [100000000],
        "bi": [14000000]
      },
      "number_of_locations": [100]
    },
    "fail": {
      "tiv": [0],
      "tiv_by_coverage": {
        "buildings": [0],
        "other": [0],
        "contents": [0],
        "bi": [0]
      },
      "number_of_locations": [0]
    },
    "nomatch": {
      "tiv": [0],
      "tiv_by_coverage": {
        "buildings": [0],
        "other": [0],
        "contents": [0],
        "bi": [0]
      },
      "number_of_locations": [0]
    }
  }
}
