{
  "GUL": {
    "available": {
      "accnumber": ["Account number"],
      "bipoi": ["BI period of indemnity (in days, in increments of 0.5 days)."],
      "bitiv": ["Business Interruption (BI) Total Insured Value"],
      "buildingtiv": ["Building Total Insured Value"],
      "contentstiv": ["Contents Total Insured Value"],
      "countrycode": ["Country code (based on ISO3166 alpha-2 codes)"],
      "coverage_id": ["Oasis coverage identifier"],
      "coverage_type_id": ["Oasis coverage type"],
      "geogname1": ["Geography name: Descriptor of the geographical area."],
      "geogscheme1": ["Geography scheme: Descriptor of the geography scheme used."],
      "geogscheme2": ["Geography scheme: Descriptor of the geography scheme used."],
      "geogscheme3": ["Geography scheme: Descriptor of the geography scheme used."],
      "loccurrency": ["Location currency"],
      "locnumber": ["Location number"],
      "locperilscovered": ["Location perils covered"],
      "occupancycode": ["OED occupancy code"],
      "peril_id": ["OED peril code"],
      "portnumber": ["Portfolio number"]
    },
    "recommended": {
      "accnumber": ["Account number"],
      "countrycode": ["Country code (based on ISO3166 alpha-2 codes)"],
      "coverage_id": ["Oasis coverage identifier"],
      "coverage_type_id": ["Oasis coverage type"],
      "geogname1": ["Geography name: Descriptor of the geographical area."],
      "geogscheme1": ["Geography scheme: Descriptor of the geography scheme used."],
      "geogscheme2": ["Geography scheme: Descriptor of the geography scheme used."],
      "geogscheme3": ["Geography scheme: Descriptor of the geography scheme used."],
      "locnumber": ["Location number"],
      "locperilscovered": ["Location perils covered"],
      "occupancycode": ["OED occupancy code"],
      "peril_id": ["OED peril code"],
      "portnumber": ["Portfolio number"]
    }
  }
}
