loc_id,portnumber,accnumber,locnumber,loc_idx,peril_id,coverage_type_id,tiv,coverage_id,item_id,layer_id,agg_id
1,1,1,1,0,XHL,1,1000000.0,1,1,1,1
1,1,1,1,0,XHL,3,1000000.0,2,2,1,2
2,1,1,2,1,XHL,1,1000000.0,3,3,1,3
2,1,1,2,1,XHL,3,1000000.0,4,4,1,4
2,1,1,2,1,XHL,4,1000000.0,5,5,1,5
3,1,1,3,2,XHL,1,1000000.0,6,6,1,6
3,1,1,3,2,XHL,3,1000000.0,7,7,1,7
