LocID,PerilID,CoverageTypeID,ModelData
1,XHL,1,"{""loc_id"": ""1"", ""lob_id"": 2, ""cover_id"": 1, ""country_code"": ""au"", ""address_id"": """", ""address_type"": 1, ""med_id"": 4870, ""med_type"": null, ""lrg_id"": null, ""lrg_type"": null, ""zone_id"": null, ""zone_type"": null, ""latitude"": -16.93029, ""longitude"": 145.755843, ""best_res"": 7, ""state"": """", ""props"": {""YearBuilt"": 0}}"
1,XHL,3,"{""loc_id"": ""1"", ""lob_id"": 2, ""cover_id"": 2, ""country_code"": ""au"", ""address_id"": """", ""address_type"": 1, ""med_id"": 4870, ""med_type"": null, ""lrg_id"": null, ""lrg_type"": null, ""zone_id"": null, ""zone_type"": null, ""latitude"": -16.93029, ""longitude"": 145.755843, ""best_res"": 7, ""state"": """", ""props"": {""YearBuilt"": 0}}"
1,XHL,4,"{""loc_id"": ""1"", ""lob_id"": 2, ""cover_id"": 3, ""country_code"": ""au"", ""address_id"": """", ""address_type"": 1, ""med_id"": 4870, ""med_type"": null, ""lrg_id"": null, ""lrg_type"": null, ""zone_id"": null, ""zone_type"": null, ""latitude"": -16.93029, ""longitude"": 145.755843, ""best_res"": 7, ""state"": """", ""props"": {""YearBuilt"": 0}}"
