item_id,coverage_id,model_data,group_id
1,1,"{""loc_id"": ""1"", ""lob_id"": 1, ""cover_id"": 4, ""country_code"": ""au"", ""address_id"": null, ""address_type"": null, ""med_id"": 4870, ""med_type"": 1, ""lrg_id"": null, ""lrg_type"": null, ""zone_id"": null, ""zone_type"": null, ""latitude"": null, ""longitude"": null, ""best_res"": 1, ""state"": """", ""props"": {""YearBuilt"": 0, ""StaticMotor"": false}}",1
2,2,"{""loc_id"": ""2"", ""lob_id"": 1, ""cover_id"": 4, ""country_code"": ""au"", ""address_id"": null, ""address_type"": null, ""med_id"": 4870, ""med_type"": 1, ""lrg_id"": null, ""lrg_type"": null, ""zone_id"": null, ""zone_type"": null, ""latitude"": null, ""longitude"": null, ""best_res"": 1, ""state"": """", ""props"": {""YearBuilt"": 0, ""StaticMotor"": true}}",2
