loc_id,portnumber,accnumber,locnumber,loc_idx,peril_id,coverage_type_id,tiv,coverage_id,item_id,layer_id,agg_id
1,1,1,1,0,XHL,1,1000000.0,1,1,1,1
2,1,1,2,1,XHL,1,1000000.0,2,2,1,2
