item_id,coverage_id,areaperil_id,vulnerability_id,group_id
1,1,-1,-1,1
2,2,-1,-1,2
