coverage_id,tiv
1,1000000.0
2,1000000.0
3,1000000.0
4,1000000.0
5,1000000.0
6,1000000.0
