loc_id,portnumber,accnumber,locnumber,loc_idx,peril_id,coverage_type_id,tiv,coverage_id,item_id,layer_id,agg_id
1,1,1,1,0,XHL,1,1000000.0,1,1,1,1
3,1,1,2,1,XHL,1,1000000.0,2,2,1,2
4,1,1,3,2,XHL,1,1000000.0,3,3,1,3
5,1,1,4,3,XHL,1,1000000.0,4,4,1,4
6,1,1,5,4,XHL,1,1000000.0,5,5,1,5
7,1,1,6,5,XHL,1,1000000.0,6,6,1,6
8,1,1,7,6,XHL,1,1000000.0,7,7,1,7
9,1,1,8,7,XHL,1,1000000.0,8,8,1,8
10,1,1,9,8,XHL,1,1000000.0,9,9,1,9
2,1,1,10,9,XHL,1,1000000.0,10,10,1,10
