summary_id,type,mean,standard_deviation,exposure_value
1,1,707.124136,3503.772897,5000000.000000
1,2,687.823627,6315.590792,3000000.000000
