summary_id,type,mean,standard_deviation,exposure_value
1,1,9547.420967,40356.863233,10000000.000000
1,2,9937.829306,71519.084956,10000000.000000
